---
source: crates/oxc_linter/src/tester.rs
expression: require_number_to_fixed_digits_argument
---
  ⚠ eslint-plugin-unicorn(require-number-to-fixed-digits-argument): Number method .toFixed() should have an argument
   ╭─[require_number_to_fixed_digits_argument.tsx:1:1]
 1 │ const string = number.toFixed();
   ·                              ──
   ╰────
  help: Pass an argument to .toFixed() method.

  ⚠ eslint-plugin-unicorn(require-number-to-fixed-digits-argument): Number method .toFixed() should have an argument
   ╭─[require_number_to_fixed_digits_argument.tsx:1:1]
 1 │ const string = number.toFixed( /* comment */ );
   ·                              ─────────────────
   ╰────
  help: Pass an argument to .toFixed() method.

  ⚠ eslint-plugin-unicorn(require-number-to-fixed-digits-argument): Number method .toFixed() should have an argument
   ╭─[require_number_to_fixed_digits_argument.tsx:1:1]
 1 │ Number(1).toFixed()
   ·                  ──
   ╰────
  help: Pass an argument to .toFixed() method.

  ⚠ eslint-plugin-unicorn(require-number-to-fixed-digits-argument): Number method .toFixed() should have an argument
   ╭─[require_number_to_fixed_digits_argument.tsx:1:1]
 1 │ const bigNumber = new BigNumber(1); const string = bigNumber.toFixed();
   ·                                                                     ──
   ╰────
  help: Pass an argument to .toFixed() method.


